
   FAIL  Tests\Feature\InventoryTest
  Γ¿» stock in increases inventory and logs transaction
  Γ¿» stock out decreases inventory and logs transaction
  Γ¿» stock transfer moves inventory correctly
  Γ¿» insufficient stock prevents stock out and transfer
  ΓöÇΓöÇΓöÇΓöÇΓöÇΓöÇΓöÇΓöÇΓöÇΓöÇΓöÇΓöÇΓöÇΓöÇΓöÇΓöÇΓöÇΓöÇΓöÇΓöÇΓöÇΓöÇΓöÇΓöÇΓöÇΓöÇΓöÇΓöÇΓöÇΓöÇΓöÇΓöÇΓöÇΓöÇΓöÇΓöÇΓöÇΓöÇΓöÇΓöÇΓöÇΓöÇΓöÇΓöÇΓöÇΓöÇΓöÇΓöÇΓöÇΓöÇΓöÇΓöÇΓöÇΓöÇΓöÇΓöÇΓöÇΓöÇΓöÇΓöÇΓöÇΓöÇΓöÇΓöÇΓöÇΓöÇΓöÇΓöÇΓöÇΓöÇΓöÇΓöÇΓöÇΓöÇΓöÇΓöÇΓöÇΓöÇΓöÇΓöÇΓöÇΓöÇΓöÇΓöÇΓöÇΓöÇΓöÇΓöÇΓöÇΓöÇΓöÇΓöÇΓöÇΓöÇΓöÇΓöÇΓöÇΓöÇΓöÇΓöÇΓöÇΓöÇΓöÇΓöÇΓöÇΓöÇΓöÇΓöÇΓöÇΓöÇΓöÇΓöÇΓöÇΓöÇΓöÇΓöÇ  
   FAILED  Tests\Feature\InventoryTest > stock in increases inventory and logs transaction             QueryException   
  SQLSTATE[HY000]: General error: 1 table users has no column named name (Connection: sqlite, SQL: insert into "users" ("name", "email", "email_verified_at", "password", "remember_token", "Role", "updated_at", "created_at") values (Eliane Leannon, aiyana.farrell@example.org, 2026-02-15 17:34:33, $2y$04$hNAo9aOfyCBqwr38txUKou2oRwxCGKat6vK3mI6WuGu0N5wkdn5Ty, AXbfdyjUWt, Admin, 2026-02-15 17:34:33, 2026-02-15 17:34:33))

  at vendor\laravel\framework\src\Illuminate\Database\Connection.php:564
    560Γûò             if ($this->pretending()) {
    561Γûò                 return true;
    562Γûò             }
    563Γûò 
  Γ₧£ 564Γûò             $statement = $this->getPdo()->prepare($query);
    565Γûò 
    566Γûò             $this->bindValues($statement, $this->prepareBindings($bindings));
    567Γûò 
    568Γûò             $this->recordsHaveBeenModified();

  1   vendor\laravel\framework\src\Illuminate\Database\Connection.php:564
  2   vendor\laravel\framework\src\Illuminate\Database\Connection.php:813

  ΓöÇΓöÇΓöÇΓöÇΓöÇΓöÇΓöÇΓöÇΓöÇΓöÇΓöÇΓöÇΓöÇΓöÇΓöÇΓöÇΓöÇΓöÇΓöÇΓöÇΓöÇΓöÇΓöÇΓöÇΓöÇΓöÇΓöÇΓöÇΓöÇΓöÇΓöÇΓöÇΓöÇΓöÇΓöÇΓöÇΓöÇΓöÇΓöÇΓöÇΓöÇΓöÇΓöÇΓöÇΓöÇΓöÇΓöÇΓöÇΓöÇΓöÇΓöÇΓöÇΓöÇΓöÇΓöÇΓöÇΓöÇΓöÇΓöÇΓöÇΓöÇΓöÇΓöÇΓöÇΓöÇΓöÇΓöÇΓöÇΓöÇΓöÇΓöÇΓöÇΓöÇΓöÇΓöÇΓöÇΓöÇΓöÇΓöÇΓöÇΓöÇΓöÇΓöÇΓöÇΓöÇΓöÇΓöÇΓöÇΓöÇΓöÇΓöÇΓöÇΓöÇΓöÇΓöÇΓöÇΓöÇΓöÇΓöÇΓöÇΓöÇΓöÇΓöÇΓöÇΓöÇΓöÇΓöÇΓöÇΓöÇΓöÇΓöÇΓöÇΓöÇΓöÇΓöÇΓöÇ  
   FAILED  Tests\Feature\InventoryTest > stock out decreases inventory and logs transaction            QueryException   
  SQLSTATE[HY000]: General error: 1 table users has no column named name (Connection: sqlite, SQL: insert into "users" ("name", "email", "email_verified_at", "password", "remember_token", "Role", "updated_at", "created_at") values (Eliza Carroll, shayes@example.org, 2026-02-15 17:34:33, $2y$04$hNAo9aOfyCBqwr38txUKou2oRwxCGKat6vK3mI6WuGu0N5wkdn5Ty, WXz7ak0Qi0, Admin, 2026-02-15 17:34:33, 2026-02-15 17:34:33))

  at vendor\laravel\framework\src\Illuminate\Database\Connection.php:564
    560Γûò             if ($this->pretending()) {
    561Γûò                 return true;
    562Γûò             }
    563Γûò 
  Γ₧£ 564Γûò             $statement = $this->getPdo()->prepare($query);
    565Γûò 
    566Γûò             $this->bindValues($statement, $this->prepareBindings($bindings));
    567Γûò 
    568Γûò             $this->recordsHaveBeenModified();

  1   vendor\laravel\framework\src\Illuminate\Database\Connection.php:564
  2   vendor\laravel\framework\src\Illuminate\Database\Connection.php:813

  ΓöÇΓöÇΓöÇΓöÇΓöÇΓöÇΓöÇΓöÇΓöÇΓöÇΓöÇΓöÇΓöÇΓöÇΓöÇΓöÇΓöÇΓöÇΓöÇΓöÇΓöÇΓöÇΓöÇΓöÇΓöÇΓöÇΓöÇΓöÇΓöÇΓöÇΓöÇΓöÇΓöÇΓöÇΓöÇΓöÇΓöÇΓöÇΓöÇΓöÇΓöÇΓöÇΓöÇΓöÇΓöÇΓöÇΓöÇΓöÇΓöÇΓöÇΓöÇΓöÇΓöÇΓöÇΓöÇΓöÇΓöÇΓöÇΓöÇΓöÇΓöÇΓöÇΓöÇΓöÇΓöÇΓöÇΓöÇΓöÇΓöÇΓöÇΓöÇΓöÇΓöÇΓöÇΓöÇΓöÇΓöÇΓöÇΓöÇΓöÇΓöÇΓöÇΓöÇΓöÇΓöÇΓöÇΓöÇΓöÇΓöÇΓöÇΓöÇΓöÇΓöÇΓöÇΓöÇΓöÇΓöÇΓöÇΓöÇΓöÇΓöÇΓöÇΓöÇΓöÇΓöÇΓöÇΓöÇΓöÇΓöÇΓöÇΓöÇΓöÇΓöÇΓöÇΓöÇΓöÇ  
   FAILED  Tests\Feature\InventoryTest > stock transfer moves inventory correctly                      QueryException   
  SQLSTATE[HY000]: General error: 1 table users has no column named name (Connection: sqlite, SQL: insert into "users" ("name", "email", "email_verified_at", "password", "remember_token", "Role", "updated_at", "created_at") values (Tamia Conn DVM, anastacio.corkery@example.org, 2026-02-15 17:34:33, $2y$04$hNAo9aOfyCBqwr38txUKou2oRwxCGKat6vK3mI6WuGu0N5wkdn5Ty, ImgTkiTTCI, Admin, 2026-02-15 17:34:33, 2026-02-15 17:34:33))

  at vendor\laravel\framework\src\Illuminate\Database\Connection.php:564
    560Γûò             if ($this->pretending()) {
    561Γûò                 return true;
    562Γûò             }
    563Γûò 
  Γ₧£ 564Γûò             $statement = $this->getPdo()->prepare($query);
    565Γûò 
    566Γûò             $this->bindValues($statement, $this->prepareBindings($bindings));
    567Γûò 
    568Γûò             $this->recordsHaveBeenModified();

  1   vendor\laravel\framework\src\Illuminate\Database\Connection.php:564
  2   vendor\laravel\framework\src\Illuminate\Database\Connection.php:813

  ΓöÇΓöÇΓöÇΓöÇΓöÇΓöÇΓöÇΓöÇΓöÇΓöÇΓöÇΓöÇΓöÇΓöÇΓöÇΓöÇΓöÇΓöÇΓöÇΓöÇΓöÇΓöÇΓöÇΓöÇΓöÇΓöÇΓöÇΓöÇΓöÇΓöÇΓöÇΓöÇΓöÇΓöÇΓöÇΓöÇΓöÇΓöÇΓöÇΓöÇΓöÇΓöÇΓöÇΓöÇΓöÇΓöÇΓöÇΓöÇΓöÇΓöÇΓöÇΓöÇΓöÇΓöÇΓöÇΓöÇΓöÇΓöÇΓöÇΓöÇΓöÇΓöÇΓöÇΓöÇΓöÇΓöÇΓöÇΓöÇΓöÇΓöÇΓöÇΓöÇΓöÇΓöÇΓöÇΓöÇΓöÇΓöÇΓöÇΓöÇΓöÇΓöÇΓöÇΓöÇΓöÇΓöÇΓöÇΓöÇΓöÇΓöÇΓöÇΓöÇΓöÇΓöÇΓöÇΓöÇΓöÇΓöÇΓöÇΓöÇΓöÇΓöÇΓöÇΓöÇΓöÇΓöÇΓöÇΓöÇΓöÇΓöÇΓöÇΓöÇΓöÇΓöÇΓöÇΓöÇ  
   FAILED  Tests\Feature\InventoryTest > insufficient stock prevents stock out and transfer            QueryException   
  SQLSTATE[HY000]: General error: 1 table users has no column named name (Connection: sqlite, SQL: insert into "users" ("name", "email", "email_verified_at", "password", "remember_token", "Role", "updated_at", "created_at") values (Tate Bayer, madie.oconner@example.org, 2026-02-15 17:34:33, $2y$04$hNAo9aOfyCBqwr38txUKou2oRwxCGKat6vK3mI6WuGu0N5wkdn5Ty, nn539Cy5Ps, Admin, 2026-02-15 17:34:33, 2026-02-15 17:34:33))

  at vendor\laravel\framework\src\Illuminate\Database\Connection.php:564
    560Γûò             if ($this->pretending()) {
    561Γûò                 return true;
    562Γûò             }
    563Γûò 
  Γ₧£ 564Γûò             $statement = $this->getPdo()->prepare($query);
    565Γûò 
    566Γûò             $this->bindValues($statement, $this->prepareBindings($bindings));
    567Γûò 
    568Γûò             $this->recordsHaveBeenModified();

  1   vendor\laravel\framework\src\Illuminate\Database\Connection.php:564
  2   vendor\laravel\framework\src\Illuminate\Database\Connection.php:813


  Tests:    4 failed (0 assertions)
  Duration: 4.61s

